// Vitest Snapshot v1, https://vitest.dev/guide/snapshot.html

exports[`<EventSkeleton /> tests > should match the snapshot 1`] = `
<div>
  <div
    aria-busy="true"
    aria-hidden="true"
    class="flex flex-col space-y-3"
    data-testid="loading"
  >
    <div
      class="flex items-center justify-between gap-x-3"
    >
      <div
        class="animate-pulse rounded-md bg-primary/10 flex-1 h-8 w-full"
      />
      <div
        class="animate-pulse rounded-md bg-primary/10 h-8 w-[100px]"
      />
    </div>
    <div
      class="animate-pulse rounded-md bg-primary/10 h-[125px] w-full"
    />
    <div
      class="space-y-3"
    >
      <div
        class="animate-pulse rounded-md bg-primary/10 h-4 w-full"
      />
      <div
        class="animate-pulse rounded-md bg-primary/10 h-4 w-full"
      />
    </div>
    <div
      class="flex items-center space-x-4"
    >
      <div
        class="animate-pulse bg-primary/10 h-12 w-12 rounded-full"
      />
      <div
        class="space-y-3"
      >
        <div
          class="animate-pulse rounded-md bg-primary/10 h-4 w-[250px]"
        />
        <div
          class="animate-pulse rounded-md bg-primary/10 h-4 w-[200px]"
        />
      </div>
    </div>
  </div>
  <div
    aria-busy="true"
    aria-hidden="true"
    class="flex flex-col space-y-3"
    data-testid="loading"
  >
    <div
      class="flex items-center justify-between gap-x-3"
    >
      <div
        class="animate-pulse rounded-md bg-primary/10 flex-1 h-8 w-full"
      />
      <div
        class="animate-pulse rounded-md bg-primary/10 h-8 w-[100px]"
      />
    </div>
    <div
      class="animate-pulse rounded-md bg-primary/10 h-[125px] w-full"
    />
    <div
      class="space-y-3"
    >
      <div
        class="animate-pulse rounded-md bg-primary/10 h-4 w-full"
      />
      <div
        class="animate-pulse rounded-md bg-primary/10 h-4 w-full"
      />
    </div>
    <div
      class="flex items-center space-x-4"
    >
      <div
        class="animate-pulse bg-primary/10 h-12 w-12 rounded-full"
      />
      <div
        class="space-y-3"
      >
        <div
          class="animate-pulse rounded-md bg-primary/10 h-4 w-[250px]"
        />
        <div
          class="animate-pulse rounded-md bg-primary/10 h-4 w-[200px]"
        />
      </div>
    </div>
  </div>
</div>
`;
