// Vitest Snapshot v1, https://vitest.dev/guide/snapshot.html

exports[`<HeroImage /> tests > Should match the snapshot with the default args 1`] = `
<div>
  <div
    class="overflow-hidden relative"
    data-testid="hero-image"
  >
    <picture
      class="relative"
    >
      <img
        alt="JosÃ© Miguel Duque"
        class="rounded-full backdrop-blur-xs bg-primary/10 shadow-inner"
        data-nimg="1"
        decoding="async"
        height="410"
        src="/_next/image?url=%2Fpublic%2Fstatic%2Fimg%2Favatar_410.png&w=828&q=100"
        srcset="/_next/image?url=%2Fpublic%2Fstatic%2Fimg%2Favatar_410.png&w=640&q=100 1x, /_next/image?url=%2Fpublic%2Fstatic%2Fimg%2Favatar_410.png&w=828&q=100 2x"
        style="color: transparent;"
        width="410"
      />
    </picture>
  </div>
</div>
`;
